------------------------------------------------------------
Timing Analyzer Summary
------------------------------------------------------------

Type  : Slow 1100mV 85C Model Setup 'aclk2'
Slack : 0.636
TNS   : 0.000

Type  : Slow 1100mV 85C Model Setup 'aclk1'
Slack : 0.758
TNS   : 0.000

Type  : Slow 1100mV 85C Model Setup 'lgcclk'
Slack : 1.590
TNS   : 0.000

Type  : Slow 1100mV 85C Model Setup 'altera_reserved_tck'
Slack : 11.859
TNS   : 0.000

Type  : Slow 1100mV 85C Model Setup 'sysclk'
Slack : 46.121
TNS   : 0.000

Type  : Slow 1100mV 85C Model Hold 'lgcclk'
Slack : 0.315
TNS   : 0.000

Type  : Slow 1100mV 85C Model Hold 'aclk1'
Slack : 0.317
TNS   : 0.000

Type  : Slow 1100mV 85C Model Hold 'aclk2'
Slack : 0.321
TNS   : 0.000

Type  : Slow 1100mV 85C Model Hold 'sysclk'
Slack : 0.354
TNS   : 0.000

Type  : Slow 1100mV 85C Model Hold 'altera_reserved_tck'
Slack : 0.409
TNS   : 0.000

Type  : Slow 1100mV 85C Model Recovery 'lgcclk'
Slack : 4.015
TNS   : 0.000

Type  : Slow 1100mV 85C Model Recovery 'altera_reserved_tck'
Slack : 14.612
TNS   : 0.000

Type  : Slow 1100mV 85C Model Recovery 'sysclk'
Slack : 44.321
TNS   : 0.000

Type  : Slow 1100mV 85C Model Removal 'lgcclk'
Slack : 0.569
TNS   : 0.000

Type  : Slow 1100mV 85C Model Removal 'altera_reserved_tck'
Slack : 0.990
TNS   : 0.000

Type  : Slow 1100mV 85C Model Removal 'sysclk'
Slack : 2.036
TNS   : 0.000

Type  : Slow 1100mV 85C Model Minimum Pulse Width 'aclk1'
Slack : 0.364
TNS   : 0.000

Type  : Slow 1100mV 85C Model Minimum Pulse Width 'aclk2'
Slack : 0.364
TNS   : 0.000

Type  : Slow 1100mV 85C Model Minimum Pulse Width 'gsysclk'
Slack : 1.000
TNS   : 0.000

Type  : Slow 1100mV 85C Model Minimum Pulse Width 'in_aclk1'
Slack : 1.742
TNS   : 0.000

Type  : Slow 1100mV 85C Model Minimum Pulse Width 'in_aclk2'
Slack : 1.787
TNS   : 0.000

Type  : Slow 1100mV 85C Model Minimum Pulse Width 'gaclk1'
Slack : 2.000
TNS   : 0.000

Type  : Slow 1100mV 85C Model Minimum Pulse Width 'gaclk2'
Slack : 2.000
TNS   : 0.000

Type  : Slow 1100mV 85C Model Minimum Pulse Width 'lgcclk'
Slack : 3.589
TNS   : 0.000

Type  : Slow 1100mV 85C Model Minimum Pulse Width 'altera_reserved_tck'
Slack : 15.475
TNS   : 0.000

Type  : Slow 1100mV 85C Model Minimum Pulse Width 'sysclk'
Slack : 24.344
TNS   : 0.000

Type  : Slow 1100mV -40C Model Setup 'aclk2'
Slack : 0.508
TNS   : 0.000

Type  : Slow 1100mV -40C Model Setup 'aclk1'
Slack : 0.659
TNS   : 0.000

Type  : Slow 1100mV -40C Model Setup 'lgcclk'
Slack : 1.733
TNS   : 0.000

Type  : Slow 1100mV -40C Model Setup 'altera_reserved_tck'
Slack : 11.933
TNS   : 0.000

Type  : Slow 1100mV -40C Model Setup 'sysclk'
Slack : 46.047
TNS   : 0.000

Type  : Slow 1100mV -40C Model Hold 'lgcclk'
Slack : 0.300
TNS   : 0.000

Type  : Slow 1100mV -40C Model Hold 'aclk1'
Slack : 0.305
TNS   : 0.000

Type  : Slow 1100mV -40C Model Hold 'aclk2'
Slack : 0.305
TNS   : 0.000

Type  : Slow 1100mV -40C Model Hold 'sysclk'
Slack : 0.338
TNS   : 0.000

Type  : Slow 1100mV -40C Model Hold 'altera_reserved_tck'
Slack : 0.396
TNS   : 0.000

Type  : Slow 1100mV -40C Model Recovery 'lgcclk'
Slack : 4.335
TNS   : 0.000

Type  : Slow 1100mV -40C Model Recovery 'altera_reserved_tck'
Slack : 14.746
TNS   : 0.000

Type  : Slow 1100mV -40C Model Recovery 'sysclk'
Slack : 44.615
TNS   : 0.000

Type  : Slow 1100mV -40C Model Removal 'lgcclk'
Slack : 0.491
TNS   : 0.000

Type  : Slow 1100mV -40C Model Removal 'altera_reserved_tck'
Slack : 0.935
TNS   : 0.000

Type  : Slow 1100mV -40C Model Removal 'sysclk'
Slack : 1.974
TNS   : 0.000

Type  : Slow 1100mV -40C Model Minimum Pulse Width 'aclk1'
Slack : 0.364
TNS   : 0.000

Type  : Slow 1100mV -40C Model Minimum Pulse Width 'aclk2'
Slack : 0.364
TNS   : 0.000

Type  : Slow 1100mV -40C Model Minimum Pulse Width 'gsysclk'
Slack : 1.000
TNS   : 0.000

Type  : Slow 1100mV -40C Model Minimum Pulse Width 'in_aclk1'
Slack : 1.757
TNS   : 0.000

Type  : Slow 1100mV -40C Model Minimum Pulse Width 'in_aclk2'
Slack : 1.791
TNS   : 0.000

Type  : Slow 1100mV -40C Model Minimum Pulse Width 'gaclk1'
Slack : 2.000
TNS   : 0.000

Type  : Slow 1100mV -40C Model Minimum Pulse Width 'gaclk2'
Slack : 2.000
TNS   : 0.000

Type  : Slow 1100mV -40C Model Minimum Pulse Width 'lgcclk'
Slack : 3.556
TNS   : 0.000

Type  : Slow 1100mV -40C Model Minimum Pulse Width 'altera_reserved_tck'
Slack : 15.417
TNS   : 0.000

Type  : Slow 1100mV -40C Model Minimum Pulse Width 'sysclk'
Slack : 24.332
TNS   : 0.000

Type  : Fast 1100mV 85C Model Setup 'aclk2'
Slack : 2.323
TNS   : 0.000

Type  : Fast 1100mV 85C Model Setup 'aclk1'
Slack : 2.361
TNS   : 0.000

Type  : Fast 1100mV 85C Model Setup 'lgcclk'
Slack : 5.438
TNS   : 0.000

Type  : Fast 1100mV 85C Model Setup 'altera_reserved_tck'
Slack : 14.518
TNS   : 0.000

Type  : Fast 1100mV 85C Model Setup 'sysclk'
Slack : 48.066
TNS   : 0.000

Type  : Fast 1100mV 85C Model Hold 'altera_reserved_tck'
Slack : 0.134
TNS   : 0.000

Type  : Fast 1100mV 85C Model Hold 'aclk1'
Slack : 0.161
TNS   : 0.000

Type  : Fast 1100mV 85C Model Hold 'aclk2'
Slack : 0.161
TNS   : 0.000

Type  : Fast 1100mV 85C Model Hold 'lgcclk'
Slack : 0.166
TNS   : 0.000

Type  : Fast 1100mV 85C Model Hold 'sysclk'
Slack : 0.176
TNS   : 0.000

Type  : Fast 1100mV 85C Model Recovery 'lgcclk'
Slack : 5.593
TNS   : 0.000

Type  : Fast 1100mV 85C Model Recovery 'altera_reserved_tck'
Slack : 16.039
TNS   : 0.000

Type  : Fast 1100mV 85C Model Recovery 'sysclk'
Slack : 46.321
TNS   : 0.000

Type  : Fast 1100mV 85C Model Removal 'lgcclk'
Slack : 0.254
TNS   : 0.000

Type  : Fast 1100mV 85C Model Removal 'altera_reserved_tck'
Slack : 0.397
TNS   : 0.000

Type  : Fast 1100mV 85C Model Removal 'sysclk'
Slack : 1.150
TNS   : 0.000

Type  : Fast 1100mV 85C Model Minimum Pulse Width 'aclk1'
Slack : 0.826
TNS   : 0.000

Type  : Fast 1100mV 85C Model Minimum Pulse Width 'aclk2'
Slack : 0.826
TNS   : 0.000

Type  : Fast 1100mV 85C Model Minimum Pulse Width 'gsysclk'
Slack : 1.000
TNS   : 0.000

Type  : Fast 1100mV 85C Model Minimum Pulse Width 'in_aclk1'
Slack : 1.447
TNS   : 0.000

Type  : Fast 1100mV 85C Model Minimum Pulse Width 'in_aclk2'
Slack : 1.471
TNS   : 0.000

Type  : Fast 1100mV 85C Model Minimum Pulse Width 'gaclk1'
Slack : 2.000
TNS   : 0.000

Type  : Fast 1100mV 85C Model Minimum Pulse Width 'gaclk2'
Slack : 2.000
TNS   : 0.000

Type  : Fast 1100mV 85C Model Minimum Pulse Width 'lgcclk'
Slack : 3.892
TNS   : 0.000

Type  : Fast 1100mV 85C Model Minimum Pulse Width 'altera_reserved_tck'
Slack : 15.389
TNS   : 0.000

Type  : Fast 1100mV 85C Model Minimum Pulse Width 'sysclk'
Slack : 24.239
TNS   : 0.000

Type  : Fast 1100mV -40C Model Setup 'aclk2'
Slack : 2.499
TNS   : 0.000

Type  : Fast 1100mV -40C Model Setup 'aclk1'
Slack : 2.548
TNS   : 0.000

Type  : Fast 1100mV -40C Model Setup 'lgcclk'
Slack : 6.091
TNS   : 0.000

Type  : Fast 1100mV -40C Model Setup 'altera_reserved_tck'
Slack : 14.919
TNS   : 0.000

Type  : Fast 1100mV -40C Model Setup 'sysclk'
Slack : 48.242
TNS   : 0.000

Type  : Fast 1100mV -40C Model Hold 'altera_reserved_tck'
Slack : 0.098
TNS   : 0.000

Type  : Fast 1100mV -40C Model Hold 'aclk1'
Slack : 0.142
TNS   : 0.000

Type  : Fast 1100mV -40C Model Hold 'aclk2'
Slack : 0.143
TNS   : 0.000

Type  : Fast 1100mV -40C Model Hold 'lgcclk'
Slack : 0.146
TNS   : 0.000

Type  : Fast 1100mV -40C Model Hold 'sysclk'
Slack : 0.154
TNS   : 0.000

Type  : Fast 1100mV -40C Model Recovery 'lgcclk'
Slack : 6.666
TNS   : 0.000

Type  : Fast 1100mV -40C Model Recovery 'altera_reserved_tck'
Slack : 16.246
TNS   : 0.000

Type  : Fast 1100mV -40C Model Recovery 'sysclk'
Slack : 46.948
TNS   : 0.000

Type  : Fast 1100mV -40C Model Removal 'lgcclk'
Slack : 0.183
TNS   : 0.000

Type  : Fast 1100mV -40C Model Removal 'altera_reserved_tck'
Slack : 0.334
TNS   : 0.000

Type  : Fast 1100mV -40C Model Removal 'sysclk'
Slack : 1.004
TNS   : 0.000

Type  : Fast 1100mV -40C Model Minimum Pulse Width 'aclk1'
Slack : 0.826
TNS   : 0.000

Type  : Fast 1100mV -40C Model Minimum Pulse Width 'aclk2'
Slack : 0.826
TNS   : 0.000

Type  : Fast 1100mV -40C Model Minimum Pulse Width 'gsysclk'
Slack : 1.000
TNS   : 0.000

Type  : Fast 1100mV -40C Model Minimum Pulse Width 'in_aclk1'
Slack : 1.459
TNS   : 0.000

Type  : Fast 1100mV -40C Model Minimum Pulse Width 'in_aclk2'
Slack : 1.477
TNS   : 0.000

Type  : Fast 1100mV -40C Model Minimum Pulse Width 'gaclk1'
Slack : 2.000
TNS   : 0.000

Type  : Fast 1100mV -40C Model Minimum Pulse Width 'gaclk2'
Slack : 2.000
TNS   : 0.000

Type  : Fast 1100mV -40C Model Minimum Pulse Width 'lgcclk'
Slack : 3.890
TNS   : 0.000

Type  : Fast 1100mV -40C Model Minimum Pulse Width 'altera_reserved_tck'
Slack : 15.353
TNS   : 0.000

Type  : Fast 1100mV -40C Model Minimum Pulse Width 'sysclk'
Slack : 24.235
TNS   : 0.000

------------------------------------------------------------
